0 verbose cli /usr/local/bin/node /usr/local/bin/npm
1 info using npm@11.12.1
2 info using node@v24.15.0
3 silly config load:file:/usr/local/lib/node_modules/npm/npmrc
4 silly config load:file:/Users/jerinreji81/Documents/GitHub/wb-backend/.npmrc
5 silly config load:file:/Users/jerinreji81/.npmrc
6 silly config load:file:/usr/local/etc/npmrc
7 verbose title npm install
8 verbose argv "install" "--cache" ".npm-cache"
9 verbose logfile logs-max:10 dir:/Users/jerinreji81/Documents/GitHub/wb-backend/.npm-cache/_logs/2026-06-08T18_37_15_935Z-
10 verbose logfile /Users/jerinreji81/Documents/GitHub/wb-backend/.npm-cache/_logs/2026-06-08T18_37_15_935Z-debug-0.log
11 silly logfile done cleaning log files
12 silly packumentCache heap:4496293888 maxSize:1124073472 maxEntrySize:562036736
13 silly idealTree buildDeps
14 silly fetch manifest vite@^7.2.1
15 silly packumentCache full:https://registry.npmjs.org/vite cache-miss
16 http fetch GET 200 https://registry.npmjs.org/npm 152ms
17 http fetch GET 200 https://registry.npmjs.org/vite 1277ms (cache miss)
18 silly packumentCache full:https://registry.npmjs.org/vite set size:undefined disposed:false
19 silly fetch manifest @types/node@^20.19.0 || >=22.12.0
20 silly packumentCache full:https://registry.npmjs.org/@types%2fnode cache-miss
21 http fetch GET 200 https://registry.npmjs.org/@types%2fnode 259ms (cache miss)
22 silly packumentCache full:https://registry.npmjs.org/@types%2fnode set size:undefined disposed:false
23 silly fetch manifest jiti@>=1.21.0
24 silly packumentCache full:https://registry.npmjs.org/jiti cache-miss
25 http fetch GET 200 https://registry.npmjs.org/jiti 36ms (cache miss)
26 silly packumentCache full:https://registry.npmjs.org/jiti set size:undefined disposed:false
27 silly fetch manifest less@^4.0.0
28 silly packumentCache full:https://registry.npmjs.org/less cache-miss
29 http fetch GET 200 https://registry.npmjs.org/less 48ms (cache miss)
30 silly packumentCache full:https://registry.npmjs.org/less set size:undefined disposed:false
31 silly fetch manifest lightningcss@^1.21.0
32 silly packumentCache full:https://registry.npmjs.org/lightningcss cache-miss
33 http fetch GET 200 https://registry.npmjs.org/lightningcss 84ms (cache miss)
34 silly packumentCache full:https://registry.npmjs.org/lightningcss set size:undefined disposed:false
35 silly fetch manifest sass@^1.70.0
36 silly packumentCache full:https://registry.npmjs.org/sass cache-miss
37 http fetch GET 200 https://registry.npmjs.org/sass 70ms (cache miss)
38 silly packumentCache full:https://registry.npmjs.org/sass set size:undefined disposed:false
39 silly fetch manifest sass-embedded@^1.70.0
40 silly packumentCache full:https://registry.npmjs.org/sass-embedded cache-miss
41 http fetch GET 200 https://registry.npmjs.org/sass-embedded 45ms (cache miss)
42 silly packumentCache full:https://registry.npmjs.org/sass-embedded set size:undefined disposed:false
43 silly fetch manifest stylus@>=0.54.8
44 silly packumentCache full:https://registry.npmjs.org/stylus cache-miss
45 http fetch GET 200 https://registry.npmjs.org/stylus 44ms (cache miss)
46 silly packumentCache full:https://registry.npmjs.org/stylus set size:undefined disposed:false
47 silly fetch manifest sugarss@^5.0.0
48 silly packumentCache full:https://registry.npmjs.org/sugarss cache-miss
49 http fetch GET 200 https://registry.npmjs.org/sugarss 52ms (cache miss)
50 silly packumentCache full:https://registry.npmjs.org/sugarss set size:undefined disposed:false
51 silly fetch manifest postcss@^8.3.3
52 silly packumentCache full:https://registry.npmjs.org/postcss cache-miss
53 http fetch GET 200 https://registry.npmjs.org/postcss 61ms (cache miss)
54 silly packumentCache full:https://registry.npmjs.org/postcss set size:undefined disposed:false
55 silly fetch manifest terser@^5.16.0
56 silly packumentCache full:https://registry.npmjs.org/terser cache-miss
57 http fetch GET 200 https://registry.npmjs.org/terser 58ms (cache miss)
58 silly packumentCache full:https://registry.npmjs.org/terser set size:undefined disposed:false
59 silly fetch manifest tsx@^4.8.1
60 silly packumentCache full:https://registry.npmjs.org/tsx cache-miss
61 http fetch GET 200 https://registry.npmjs.org/tsx 45ms (cache miss)
62 silly packumentCache full:https://registry.npmjs.org/tsx set size:undefined disposed:false
63 silly fetch manifest yaml@^2.4.2
64 silly packumentCache full:https://registry.npmjs.org/yaml cache-miss
65 http fetch GET 200 https://registry.npmjs.org/yaml 57ms (cache miss)
66 silly packumentCache full:https://registry.npmjs.org/yaml set size:undefined disposed:false
67 silly placeDep ROOT vite@7.3.5 REPLACE for: wb-library-builder@0.1.0 want: ^7.2.1
68 silly fetch manifest rollup@^4.43.0
69 silly packumentCache full:https://registry.npmjs.org/rollup cache-miss
70 silly fetch manifest esbuild@^0.27.0
71 silly packumentCache full:https://registry.npmjs.org/esbuild cache-miss
72 http fetch GET 200 https://registry.npmjs.org/esbuild 87ms (cache miss)
73 silly packumentCache full:https://registry.npmjs.org/esbuild set size:undefined disposed:false
74 http fetch GET 200 https://registry.npmjs.org/rollup 159ms (cache miss)
75 silly packumentCache full:https://registry.npmjs.org/rollup set size:undefined disposed:false
76 silly placeDep ROOT esbuild@0.27.7 OK for: vite@7.3.5 want: ^0.27.0
77 silly placeDep ROOT rollup@4.61.1 OK for: vite@7.3.5 want: ^4.43.0
78 silly fetch manifest @esbuild/aix-ppc64@0.27.7
79 silly packumentCache full:https://registry.npmjs.org/@esbuild%2faix-ppc64 cache-miss
80 silly fetch manifest @esbuild/linux-arm@0.27.7
81 silly packumentCache full:https://registry.npmjs.org/@esbuild%2flinux-arm cache-miss
82 silly fetch manifest @esbuild/linux-x64@0.27.7
83 silly packumentCache full:https://registry.npmjs.org/@esbuild%2flinux-x64 cache-miss
84 silly fetch manifest @esbuild/sunos-x64@0.27.7
85 silly packumentCache full:https://registry.npmjs.org/@esbuild%2fsunos-x64 cache-miss
86 silly fetch manifest @esbuild/win32-x64@0.27.7
87 silly packumentCache full:https://registry.npmjs.org/@esbuild%2fwin32-x64 cache-miss
88 silly fetch manifest @esbuild/darwin-x64@0.27.7
89 silly packumentCache full:https://registry.npmjs.org/@esbuild%2fdarwin-x64 cache-miss
90 silly fetch manifest @esbuild/linux-ia32@0.27.7
91 silly packumentCache full:https://registry.npmjs.org/@esbuild%2flinux-ia32 cache-miss
92 http fetch GET 200 https://registry.npmjs.org/@esbuild%2faix-ppc64 54ms (cache miss)
93 silly packumentCache full:https://registry.npmjs.org/@esbuild%2faix-ppc64 set size:undefined disposed:false
94 silly fetch manifest @esbuild/netbsd-x64@0.27.7
95 silly packumentCache full:https://registry.npmjs.org/@esbuild%2fnetbsd-x64 cache-miss
96 http fetch GET 200 https://registry.npmjs.org/@esbuild%2flinux-arm 60ms (cache miss)
97 silly packumentCache full:https://registry.npmjs.org/@esbuild%2flinux-arm set size:undefined disposed:false
98 silly fetch manifest @esbuild/win32-ia32@0.27.7
99 silly packumentCache full:https://registry.npmjs.org/@esbuild%2fwin32-ia32 cache-miss
100 http fetch GET 200 https://registry.npmjs.org/@esbuild%2fwin32-x64 84ms (cache miss)
101 silly packumentCache full:https://registry.npmjs.org/@esbuild%2fwin32-x64 set size:undefined disposed:false
102 silly fetch manifest @esbuild/android-arm@0.27.7
103 silly packumentCache full:https://registry.npmjs.org/@esbuild%2fandroid-arm cache-miss
104 http fetch GET 200 https://registry.npmjs.org/@esbuild%2fsunos-x64 91ms (cache miss)
105 silly packumentCache full:https://registry.npmjs.org/@esbuild%2fsunos-x64 set size:undefined disposed:false
106 silly fetch manifest @esbuild/android-x64@0.27.7
107 silly packumentCache full:https://registry.npmjs.org/@esbuild%2fandroid-x64 cache-miss
108 http fetch GET 200 https://registry.npmjs.org/@esbuild%2flinux-ia32 97ms (cache miss)
109 silly packumentCache full:https://registry.npmjs.org/@esbuild%2flinux-ia32 set size:undefined disposed:false
110 silly fetch manifest @esbuild/freebsd-x64@0.27.7
111 silly packumentCache full:https://registry.npmjs.org/@esbuild%2ffreebsd-x64 cache-miss
112 http fetch GET 200 https://registry.npmjs.org/@esbuild%2fnetbsd-x64 45ms (cache miss)
113 silly packumentCache full:https://registry.npmjs.org/@esbuild%2fnetbsd-x64 set size:undefined disposed:false
114 silly fetch manifest @esbuild/linux-arm64@0.27.7
115 silly packumentCache full:https://registry.npmjs.org/@esbuild%2flinux-arm64 cache-miss
116 http fetch GET 200 https://registry.npmjs.org/@esbuild%2fwin32-ia32 62ms (cache miss)
117 silly packumentCache full:https://registry.npmjs.org/@esbuild%2fwin32-ia32 set size:undefined disposed:false
118 silly fetch manifest @esbuild/linux-ppc64@0.27.7
119 silly packumentCache full:https://registry.npmjs.org/@esbuild%2flinux-ppc64 cache-miss
120 http fetch GET 200 https://registry.npmjs.org/@esbuild%2flinux-x64 127ms (cache miss)
121 silly packumentCache full:https://registry.npmjs.org/@esbuild%2flinux-x64 set size:undefined disposed:false
122 silly fetch manifest @esbuild/linux-s390x@0.27.7
123 silly packumentCache full:https://registry.npmjs.org/@esbuild%2flinux-s390x cache-miss
124 http fetch GET 200 https://registry.npmjs.org/@esbuild%2fdarwin-x64 128ms (cache miss)
125 silly packumentCache full:https://registry.npmjs.org/@esbuild%2fdarwin-x64 set size:undefined disposed:false
126 silly fetch manifest @esbuild/openbsd-x64@0.27.7
127 silly packumentCache full:https://registry.npmjs.org/@esbuild%2fopenbsd-x64 cache-miss
128 http fetch GET 200 https://registry.npmjs.org/@esbuild%2fandroid-arm 47ms (cache miss)
129 silly packumentCache full:https://registry.npmjs.org/@esbuild%2fandroid-arm set size:undefined disposed:false
130 silly fetch manifest @esbuild/win32-arm64@0.27.7
131 silly packumentCache full:https://registry.npmjs.org/@esbuild%2fwin32-arm64 cache-miss
132 http fetch GET 200 https://registry.npmjs.org/@esbuild%2fandroid-x64 59ms (cache miss)
133 silly packumentCache full:https://registry.npmjs.org/@esbuild%2fandroid-x64 set size:undefined disposed:false
134 silly fetch manifest @esbuild/darwin-arm64@0.27.7
135 silly packumentCache full:https://registry.npmjs.org/@esbuild%2fdarwin-arm64 cache-miss
136 http fetch GET 200 https://registry.npmjs.org/@esbuild%2ffreebsd-x64 55ms (cache miss)
137 silly packumentCache full:https://registry.npmjs.org/@esbuild%2ffreebsd-x64 set size:undefined disposed:false
138 silly fetch manifest @esbuild/netbsd-arm64@0.27.7
139 silly packumentCache full:https://registry.npmjs.org/@esbuild%2fnetbsd-arm64 cache-miss
140 http fetch GET 200 https://registry.npmjs.org/@esbuild%2flinux-arm64 54ms (cache miss)
141 silly packumentCache full:https://registry.npmjs.org/@esbuild%2flinux-arm64 set size:undefined disposed:false
142 silly fetch manifest @esbuild/android-arm64@0.27.7
143 silly packumentCache full:https://registry.npmjs.org/@esbuild%2fandroid-arm64 cache-miss
144 http fetch GET 200 https://registry.npmjs.org/@esbuild%2flinux-s390x 45ms (cache miss)
145 silly packumentCache full:https://registry.npmjs.org/@esbuild%2flinux-s390x set size:undefined disposed:false
146 silly fetch manifest @esbuild/freebsd-arm64@0.27.7
147 silly packumentCache full:https://registry.npmjs.org/@esbuild%2ffreebsd-arm64 cache-miss
148 http fetch GET 200 https://registry.npmjs.org/@esbuild%2fwin32-arm64 48ms (cache miss)
149 silly packumentCache full:https://registry.npmjs.org/@esbuild%2fwin32-arm64 set size:undefined disposed:false
150 silly fetch manifest @esbuild/linux-loong64@0.27.7
151 silly packumentCache full:https://registry.npmjs.org/@esbuild%2flinux-loong64 cache-miss
152 http fetch GET 200 https://registry.npmjs.org/@esbuild%2fopenbsd-x64 53ms (cache miss)
153 silly packumentCache full:https://registry.npmjs.org/@esbuild%2fopenbsd-x64 set size:undefined disposed:false
154 silly fetch manifest @esbuild/linux-riscv64@0.27.7
155 silly packumentCache full:https://registry.npmjs.org/@esbuild%2flinux-riscv64 cache-miss
156 http fetch GET 200 https://registry.npmjs.org/@esbuild%2flinux-ppc64 66ms (cache miss)
157 silly packumentCache full:https://registry.npmjs.org/@esbuild%2flinux-ppc64 set size:undefined disposed:false
158 silly fetch manifest @esbuild/openbsd-arm64@0.27.7
159 silly packumentCache full:https://registry.npmjs.org/@esbuild%2fopenbsd-arm64 cache-miss
160 http fetch GET 200 https://registry.npmjs.org/@esbuild%2fnetbsd-arm64 38ms (cache miss)
161 silly packumentCache full:https://registry.npmjs.org/@esbuild%2fnetbsd-arm64 set size:undefined disposed:false
162 silly fetch manifest @esbuild/linux-mips64el@0.27.7
163 silly packumentCache full:https://registry.npmjs.org/@esbuild%2flinux-mips64el cache-miss
164 http fetch GET 200 https://registry.npmjs.org/@esbuild%2fandroid-arm64 41ms (cache miss)
165 silly packumentCache full:https://registry.npmjs.org/@esbuild%2fandroid-arm64 set size:undefined disposed:false
166 silly fetch manifest @esbuild/openharmony-arm64@0.27.7
167 silly packumentCache full:https://registry.npmjs.org/@esbuild%2fopenharmony-arm64 cache-miss
168 http fetch GET 200 https://registry.npmjs.org/@esbuild%2fdarwin-arm64 63ms (cache miss)
169 silly packumentCache full:https://registry.npmjs.org/@esbuild%2fdarwin-arm64 set size:undefined disposed:false
170 silly fetch manifest @types/estree@1.0.9
171 silly packumentCache full:https://registry.npmjs.org/@types%2festree cache-miss
172 http fetch GET 200 https://registry.npmjs.org/@esbuild%2ffreebsd-arm64 48ms (cache miss)
173 silly packumentCache full:https://registry.npmjs.org/@esbuild%2ffreebsd-arm64 set size:undefined disposed:false
174 silly fetch manifest @rollup/rollup-darwin-arm64@4.61.1
175 silly packumentCache full:https://registry.npmjs.org/@rollup%2frollup-darwin-arm64 cache-miss
176 http fetch GET 200 https://registry.npmjs.org/@esbuild%2flinux-riscv64 51ms (cache miss)
177 silly packumentCache full:https://registry.npmjs.org/@esbuild%2flinux-riscv64 set size:undefined disposed:false
178 silly fetch manifest @rollup/rollup-android-arm64@4.61.1
179 silly packumentCache full:https://registry.npmjs.org/@rollup%2frollup-android-arm64 cache-miss
180 http fetch GET 200 https://registry.npmjs.org/@esbuild%2flinux-loong64 54ms (cache miss)
181 silly packumentCache full:https://registry.npmjs.org/@esbuild%2flinux-loong64 set size:undefined disposed:false
182 silly fetch manifest @rollup/rollup-win32-arm64-msvc@4.61.1
183 silly packumentCache full:https://registry.npmjs.org/@rollup%2frollup-win32-arm64-msvc cache-miss
184 http fetch GET 200 https://registry.npmjs.org/@esbuild%2flinux-mips64el 53ms (cache miss)
185 silly packumentCache full:https://registry.npmjs.org/@esbuild%2flinux-mips64el set size:undefined disposed:false
186 silly fetch manifest @rollup/rollup-freebsd-arm64@4.61.1
187 silly packumentCache full:https://registry.npmjs.org/@rollup%2frollup-freebsd-arm64 cache-miss
188 http fetch GET 200 https://registry.npmjs.org/@esbuild%2fopenbsd-arm64 58ms (cache miss)
189 silly packumentCache full:https://registry.npmjs.org/@esbuild%2fopenbsd-arm64 set size:undefined disposed:false
190 silly fetch manifest @rollup/rollup-linux-arm64-gnu@4.61.1
191 silly packumentCache full:https://registry.npmjs.org/@rollup%2frollup-linux-arm64-gnu cache-miss
192 http fetch GET 200 https://registry.npmjs.org/@esbuild%2fopenharmony-arm64 56ms (cache miss)
193 silly packumentCache full:https://registry.npmjs.org/@esbuild%2fopenharmony-arm64 set size:undefined disposed:false
194 silly fetch manifest @rollup/rollup-linux-arm64-musl@4.61.1
195 silly packumentCache full:https://registry.npmjs.org/@rollup%2frollup-linux-arm64-musl cache-miss
196 http fetch GET 200 https://registry.npmjs.org/@types%2festree 41ms (cache miss)
197 silly packumentCache full:https://registry.npmjs.org/@types%2festree set size:undefined disposed:false
198 silly fetch manifest @rollup/rollup-android-arm-eabi@4.61.1
199 silly packumentCache full:https://registry.npmjs.org/@rollup%2frollup-android-arm-eabi cache-miss
200 http fetch GET 200 https://registry.npmjs.org/@rollup%2frollup-darwin-arm64 45ms (cache miss)
201 silly packumentCache full:https://registry.npmjs.org/@rollup%2frollup-darwin-arm64 set size:undefined disposed:false
202 silly fetch manifest @rollup/rollup-linux-arm-gnueabihf@4.61.1
203 silly packumentCache full:https://registry.npmjs.org/@rollup%2frollup-linux-arm-gnueabihf cache-miss
204 http fetch GET 200 https://registry.npmjs.org/@rollup%2frollup-android-arm64 52ms (cache miss)
205 silly packumentCache full:https://registry.npmjs.org/@rollup%2frollup-android-arm64 set size:undefined disposed:false
206 silly fetch manifest @rollup/rollup-linux-arm-musleabihf@4.61.1
207 silly packumentCache full:https://registry.npmjs.org/@rollup%2frollup-linux-arm-musleabihf cache-miss
208 http fetch GET 200 https://registry.npmjs.org/@rollup%2frollup-win32-arm64-msvc 52ms (cache miss)
209 silly packumentCache full:https://registry.npmjs.org/@rollup%2frollup-win32-arm64-msvc set size:undefined disposed:false
210 silly fetch manifest @rollup/rollup-win32-ia32-msvc@4.61.1
211 silly packumentCache full:https://registry.npmjs.org/@rollup%2frollup-win32-ia32-msvc cache-miss
212 http fetch GET 200 https://registry.npmjs.org/@rollup%2frollup-freebsd-arm64 49ms (cache miss)
213 silly packumentCache full:https://registry.npmjs.org/@rollup%2frollup-freebsd-arm64 set size:undefined disposed:false
214 silly fetch manifest @rollup/rollup-linux-loong64-gnu@4.61.1
215 silly packumentCache full:https://registry.npmjs.org/@rollup%2frollup-linux-loong64-gnu cache-miss
216 http fetch GET 200 https://registry.npmjs.org/@rollup%2frollup-linux-arm64-musl 49ms (cache miss)
217 silly packumentCache full:https://registry.npmjs.org/@rollup%2frollup-linux-arm64-musl set size:undefined disposed:false
218 silly fetch manifest @rollup/rollup-linux-loong64-musl@4.61.1
219 silly packumentCache full:https://registry.npmjs.org/@rollup%2frollup-linux-loong64-musl cache-miss
220 http fetch GET 200 https://registry.npmjs.org/@rollup%2frollup-linux-arm64-gnu 64ms (cache miss)
221 silly packumentCache full:https://registry.npmjs.org/@rollup%2frollup-linux-arm64-gnu set size:undefined disposed:false
222 silly fetch manifest @rollup/rollup-linux-riscv64-gnu@4.61.1
223 silly packumentCache full:https://registry.npmjs.org/@rollup%2frollup-linux-riscv64-gnu cache-miss
224 http fetch GET 200 https://registry.npmjs.org/@rollup%2frollup-android-arm-eabi 61ms (cache miss)
225 silly packumentCache full:https://registry.npmjs.org/@rollup%2frollup-android-arm-eabi set size:undefined disposed:false
226 silly fetch manifest @rollup/rollup-linux-riscv64-musl@4.61.1
227 silly packumentCache full:https://registry.npmjs.org/@rollup%2frollup-linux-riscv64-musl cache-miss
228 http fetch GET 200 https://registry.npmjs.org/@rollup%2frollup-linux-arm-gnueabihf 50ms (cache miss)
229 silly packumentCache full:https://registry.npmjs.org/@rollup%2frollup-linux-arm-gnueabihf set size:undefined disposed:false
230 silly fetch manifest @rollup/rollup-linux-ppc64-gnu@4.61.1
231 silly packumentCache full:https://registry.npmjs.org/@rollup%2frollup-linux-ppc64-gnu cache-miss
232 http fetch GET 200 https://registry.npmjs.org/@rollup%2frollup-linux-loong64-gnu 45ms (cache miss)
233 silly packumentCache full:https://registry.npmjs.org/@rollup%2frollup-linux-loong64-gnu set size:undefined disposed:false
234 silly fetch manifest @rollup/rollup-linux-ppc64-musl@4.61.1
235 silly packumentCache full:https://registry.npmjs.org/@rollup%2frollup-linux-ppc64-musl cache-miss
236 http fetch GET 200 https://registry.npmjs.org/@rollup%2frollup-linux-loong64-musl 42ms (cache miss)
237 silly packumentCache full:https://registry.npmjs.org/@rollup%2frollup-linux-loong64-musl set size:undefined disposed:false
238 silly fetch manifest @rollup/rollup-linux-s390x-gnu@4.61.1
239 silly packumentCache full:https://registry.npmjs.org/@rollup%2frollup-linux-s390x-gnu cache-miss
240 http fetch GET 200 https://registry.npmjs.org/@rollup%2frollup-win32-ia32-msvc 57ms (cache miss)
241 silly packumentCache full:https://registry.npmjs.org/@rollup%2frollup-win32-ia32-msvc set size:undefined disposed:false
242 silly fetch manifest @rollup/rollup-darwin-x64@4.61.1
243 silly packumentCache full:https://registry.npmjs.org/@rollup%2frollup-darwin-x64 cache-miss
244 http fetch GET 200 https://registry.npmjs.org/@rollup%2frollup-linux-arm-musleabihf 60ms (cache miss)
245 silly packumentCache full:https://registry.npmjs.org/@rollup%2frollup-linux-arm-musleabihf set size:undefined disposed:false
246 silly fetch manifest @rollup/rollup-win32-x64-gnu@4.61.1
247 silly packumentCache full:https://registry.npmjs.org/@rollup%2frollup-win32-x64-gnu cache-miss
248 http fetch GET 200 https://registry.npmjs.org/@rollup%2frollup-linux-ppc64-gnu 40ms (cache miss)
249 silly packumentCache full:https://registry.npmjs.org/@rollup%2frollup-linux-ppc64-gnu set size:undefined disposed:false
250 silly fetch manifest @rollup/rollup-win32-x64-msvc@4.61.1
251 silly packumentCache full:https://registry.npmjs.org/@rollup%2frollup-win32-x64-msvc cache-miss
252 http fetch GET 200 https://registry.npmjs.org/@rollup%2frollup-linux-riscv64-musl 45ms (cache miss)
253 silly packumentCache full:https://registry.npmjs.org/@rollup%2frollup-linux-riscv64-musl set size:undefined disposed:false
254 silly fetch manifest @rollup/rollup-freebsd-x64@4.61.1
255 silly packumentCache full:https://registry.npmjs.org/@rollup%2frollup-freebsd-x64 cache-miss
256 http fetch GET 200 https://registry.npmjs.org/@rollup%2frollup-linux-ppc64-musl 42ms (cache miss)
257 silly packumentCache full:https://registry.npmjs.org/@rollup%2frollup-linux-ppc64-musl set size:undefined disposed:false
258 silly fetch manifest @rollup/rollup-linux-x64-gnu@4.61.1
259 silly packumentCache full:https://registry.npmjs.org/@rollup%2frollup-linux-x64-gnu cache-miss
260 http fetch GET 200 https://registry.npmjs.org/@rollup%2frollup-win32-x64-gnu 46ms (cache miss)
261 silly packumentCache full:https://registry.npmjs.org/@rollup%2frollup-win32-x64-gnu set size:undefined disposed:false
262 silly fetch manifest @rollup/rollup-linux-x64-musl@4.61.1
263 silly packumentCache full:https://registry.npmjs.org/@rollup%2frollup-linux-x64-musl cache-miss
264 http fetch GET 200 https://registry.npmjs.org/@rollup%2frollup-linux-s390x-gnu 54ms (cache miss)
265 silly packumentCache full:https://registry.npmjs.org/@rollup%2frollup-linux-s390x-gnu set size:undefined disposed:false
266 silly fetch manifest @rollup/rollup-openbsd-x64@4.61.1
267 silly packumentCache full:https://registry.npmjs.org/@rollup%2frollup-openbsd-x64 cache-miss
268 http fetch GET 200 https://registry.npmjs.org/@rollup%2frollup-darwin-x64 59ms (cache miss)
269 silly packumentCache full:https://registry.npmjs.org/@rollup%2frollup-darwin-x64 set size:undefined disposed:false
270 silly fetch manifest @rollup/rollup-openharmony-arm64@4.61.1
271 silly packumentCache full:https://registry.npmjs.org/@rollup%2frollup-openharmony-arm64 cache-miss
272 http fetch GET 200 https://registry.npmjs.org/@rollup%2frollup-freebsd-x64 45ms (cache miss)
273 silly packumentCache full:https://registry.npmjs.org/@rollup%2frollup-freebsd-x64 set size:undefined disposed:false
274 http fetch GET 200 https://registry.npmjs.org/@rollup%2frollup-linux-riscv64-gnu 96ms (cache miss)
275 silly packumentCache full:https://registry.npmjs.org/@rollup%2frollup-linux-riscv64-gnu set size:undefined disposed:false
276 http fetch GET 200 https://registry.npmjs.org/@rollup%2frollup-win32-x64-msvc 52ms (cache miss)
277 silly packumentCache full:https://registry.npmjs.org/@rollup%2frollup-win32-x64-msvc set size:undefined disposed:false
278 http fetch GET 200 https://registry.npmjs.org/@rollup%2frollup-linux-x64-gnu 49ms (cache miss)
279 silly packumentCache full:https://registry.npmjs.org/@rollup%2frollup-linux-x64-gnu set size:undefined disposed:false
280 http fetch GET 200 https://registry.npmjs.org/@rollup%2frollup-linux-x64-musl 49ms (cache miss)
281 silly packumentCache full:https://registry.npmjs.org/@rollup%2frollup-linux-x64-musl set size:undefined disposed:false
282 http fetch GET 200 https://registry.npmjs.org/@rollup%2frollup-openbsd-x64 46ms (cache miss)
283 silly packumentCache full:https://registry.npmjs.org/@rollup%2frollup-openbsd-x64 set size:undefined disposed:false
284 http fetch GET 200 https://registry.npmjs.org/@rollup%2frollup-openharmony-arm64 40ms (cache miss)
285 silly packumentCache full:https://registry.npmjs.org/@rollup%2frollup-openharmony-arm64 set size:undefined disposed:false
286 silly placeDep ROOT @esbuild/aix-ppc64@0.27.7 OK for: esbuild@0.27.7 want: 0.27.7
287 silly placeDep ROOT @esbuild/android-arm@0.27.7 OK for: esbuild@0.27.7 want: 0.27.7
288 silly placeDep ROOT @esbuild/android-arm64@0.27.7 OK for: esbuild@0.27.7 want: 0.27.7
289 silly placeDep ROOT @esbuild/android-x64@0.27.7 OK for: esbuild@0.27.7 want: 0.27.7
290 silly placeDep ROOT @esbuild/darwin-arm64@0.27.7 OK for: esbuild@0.27.7 want: 0.27.7
291 silly placeDep ROOT @esbuild/darwin-x64@0.27.7 OK for: esbuild@0.27.7 want: 0.27.7
292 silly placeDep ROOT @esbuild/freebsd-arm64@0.27.7 OK for: esbuild@0.27.7 want: 0.27.7
293 silly placeDep ROOT @esbuild/freebsd-x64@0.27.7 OK for: esbuild@0.27.7 want: 0.27.7
294 silly placeDep ROOT @esbuild/linux-arm@0.27.7 OK for: esbuild@0.27.7 want: 0.27.7
295 silly placeDep ROOT @esbuild/linux-arm64@0.27.7 OK for: esbuild@0.27.7 want: 0.27.7
296 silly placeDep ROOT @esbuild/linux-ia32@0.27.7 OK for: esbuild@0.27.7 want: 0.27.7
297 silly placeDep ROOT @esbuild/linux-loong64@0.27.7 OK for: esbuild@0.27.7 want: 0.27.7
298 silly placeDep ROOT @esbuild/linux-mips64el@0.27.7 OK for: esbuild@0.27.7 want: 0.27.7
299 silly placeDep ROOT @esbuild/linux-ppc64@0.27.7 OK for: esbuild@0.27.7 want: 0.27.7
300 silly placeDep ROOT @esbuild/linux-riscv64@0.27.7 OK for: esbuild@0.27.7 want: 0.27.7
301 silly placeDep ROOT @esbuild/linux-s390x@0.27.7 OK for: esbuild@0.27.7 want: 0.27.7
302 silly placeDep ROOT @esbuild/linux-x64@0.27.7 OK for: esbuild@0.27.7 want: 0.27.7
303 silly placeDep ROOT @esbuild/netbsd-arm64@0.27.7 OK for: esbuild@0.27.7 want: 0.27.7
304 silly placeDep ROOT @esbuild/netbsd-x64@0.27.7 OK for: esbuild@0.27.7 want: 0.27.7
305 silly placeDep ROOT @esbuild/openbsd-arm64@0.27.7 OK for: esbuild@0.27.7 want: 0.27.7
306 silly placeDep ROOT @esbuild/openbsd-x64@0.27.7 OK for: esbuild@0.27.7 want: 0.27.7
307 silly placeDep ROOT @esbuild/openharmony-arm64@0.27.7 OK for: esbuild@0.27.7 want: 0.27.7
308 silly placeDep ROOT @esbuild/sunos-x64@0.27.7 OK for: esbuild@0.27.7 want: 0.27.7
309 silly placeDep ROOT @esbuild/win32-arm64@0.27.7 OK for: esbuild@0.27.7 want: 0.27.7
310 silly placeDep ROOT @esbuild/win32-ia32@0.27.7 OK for: esbuild@0.27.7 want: 0.27.7
311 silly placeDep ROOT @esbuild/win32-x64@0.27.7 OK for: esbuild@0.27.7 want: 0.27.7
312 silly placeDep ROOT @rollup/rollup-android-arm-eabi@4.61.1 OK for: rollup@4.61.1 want: 4.61.1
313 silly placeDep ROOT @rollup/rollup-android-arm64@4.61.1 OK for: rollup@4.61.1 want: 4.61.1
314 silly placeDep ROOT @rollup/rollup-darwin-arm64@4.61.1 OK for: rollup@4.61.1 want: 4.61.1
315 silly placeDep ROOT @rollup/rollup-darwin-x64@4.61.1 OK for: rollup@4.61.1 want: 4.61.1
316 silly placeDep ROOT @rollup/rollup-freebsd-arm64@4.61.1 OK for: rollup@4.61.1 want: 4.61.1
317 silly placeDep ROOT @rollup/rollup-freebsd-x64@4.61.1 OK for: rollup@4.61.1 want: 4.61.1
318 silly placeDep ROOT @rollup/rollup-linux-arm-gnueabihf@4.61.1 OK for: rollup@4.61.1 want: 4.61.1
319 silly placeDep ROOT @rollup/rollup-linux-arm-musleabihf@4.61.1 OK for: rollup@4.61.1 want: 4.61.1
320 silly placeDep ROOT @rollup/rollup-linux-arm64-gnu@4.61.1 OK for: rollup@4.61.1 want: 4.61.1
321 silly placeDep ROOT @rollup/rollup-linux-arm64-musl@4.61.1 OK for: rollup@4.61.1 want: 4.61.1
322 silly placeDep ROOT @rollup/rollup-linux-loong64-gnu@4.61.1 OK for: rollup@4.61.1 want: 4.61.1
323 silly placeDep ROOT @rollup/rollup-linux-loong64-musl@4.61.1 OK for: rollup@4.61.1 want: 4.61.1
324 silly placeDep ROOT @rollup/rollup-linux-ppc64-gnu@4.61.1 OK for: rollup@4.61.1 want: 4.61.1
325 silly placeDep ROOT @rollup/rollup-linux-ppc64-musl@4.61.1 OK for: rollup@4.61.1 want: 4.61.1
326 silly placeDep ROOT @rollup/rollup-linux-riscv64-gnu@4.61.1 OK for: rollup@4.61.1 want: 4.61.1
327 silly placeDep ROOT @rollup/rollup-linux-riscv64-musl@4.61.1 OK for: rollup@4.61.1 want: 4.61.1
328 silly placeDep ROOT @rollup/rollup-linux-s390x-gnu@4.61.1 OK for: rollup@4.61.1 want: 4.61.1
329 silly placeDep ROOT @rollup/rollup-linux-x64-gnu@4.61.1 OK for: rollup@4.61.1 want: 4.61.1
330 silly placeDep ROOT @rollup/rollup-linux-x64-musl@4.61.1 OK for: rollup@4.61.1 want: 4.61.1
331 silly placeDep ROOT @rollup/rollup-openbsd-x64@4.61.1 OK for: rollup@4.61.1 want: 4.61.1
332 silly placeDep ROOT @rollup/rollup-openharmony-arm64@4.61.1 OK for: rollup@4.61.1 want: 4.61.1
333 silly placeDep ROOT @rollup/rollup-win32-arm64-msvc@4.61.1 OK for: rollup@4.61.1 want: 4.61.1
334 silly placeDep ROOT @rollup/rollup-win32-ia32-msvc@4.61.1 OK for: rollup@4.61.1 want: 4.61.1
335 silly placeDep ROOT @rollup/rollup-win32-x64-gnu@4.61.1 OK for: rollup@4.61.1 want: 4.61.1
336 silly placeDep ROOT @rollup/rollup-win32-x64-msvc@4.61.1 OK for: rollup@4.61.1 want: 4.61.1
337 silly placeDep ROOT @types/estree@1.0.9 OK for: rollup@4.61.1 want: 1.0.9
338 silly reify moves {}
339 silly audit bulk request {
339 silly audit   'adler-32': [ '1.3.1' ],
339 silly audit   cfb: [ '1.2.2' ],
339 silly audit   codepage: [ '1.15.0' ],
339 silly audit   'crc-32': [ '1.2.2' ],
339 silly audit   fdir: [ '6.5.0' ],
339 silly audit   frac: [ '1.1.2' ],
339 silly audit   fsevents: [ '2.3.3' ],
339 silly audit   nanoid: [ '3.3.12' ],
339 silly audit   picocolors: [ '1.1.1' ],
339 silly audit   picomatch: [ '4.0.4' ],
339 silly audit   postcss: [ '8.5.15' ],
339 silly audit   'source-map-js': [ '1.2.1' ],
339 silly audit   ssf: [ '0.11.2' ],
339 silly audit   tinyglobby: [ '0.2.17' ],
339 silly audit   wmf: [ '1.0.2' ],
339 silly audit   word: [ '0.3.0' ],
339 silly audit   xlsx: [ '0.18.5' ],
339 silly audit   vite: [ '7.3.5' ],
339 silly audit   esbuild: [ '0.27.7' ],
339 silly audit   rollup: [ '4.61.1' ],
339 silly audit   '@esbuild/aix-ppc64': [ '0.27.7' ],
339 silly audit   '@esbuild/android-arm': [ '0.27.7' ],
339 silly audit   '@esbuild/android-arm64': [ '0.27.7' ],
339 silly audit   '@esbuild/android-x64': [ '0.27.7' ],
339 silly audit   '@esbuild/darwin-arm64': [ '0.27.7' ],
339 silly audit   '@esbuild/darwin-x64': [ '0.27.7' ],
339 silly audit   '@esbuild/freebsd-arm64': [ '0.27.7' ],
339 silly audit   '@esbuild/freebsd-x64': [ '0.27.7' ],
339 silly audit   '@esbuild/linux-arm': [ '0.27.7' ],
339 silly audit   '@esbuild/linux-arm64': [ '0.27.7' ],
339 silly audit   '@esbuild/linux-ia32': [ '0.27.7' ],
339 silly audit   '@esbuild/linux-loong64': [ '0.27.7' ],
339 silly audit   '@esbuild/linux-mips64el': [ '0.27.7' ],
339 silly audit   '@esbuild/linux-ppc64': [ '0.27.7' ],
339 silly audit   '@esbuild/linux-riscv64': [ '0.27.7' ],
339 silly audit   '@esbuild/linux-s390x': [ '0.27.7' ],
339 silly audit   '@esbuild/linux-x64': [ '0.27.7' ],
339 silly audit   '@esbuild/netbsd-arm64': [ '0.27.7' ],
339 silly audit   '@esbuild/netbsd-x64': [ '0.27.7' ],
339 silly audit   '@esbuild/openbsd-arm64': [ '0.27.7' ],
339 silly audit   '@esbuild/openbsd-x64': [ '0.27.7' ],
339 silly audit   '@esbuild/openharmony-arm64': [ '0.27.7' ],
339 silly audit   '@esbuild/sunos-x64': [ '0.27.7' ],
339 silly audit   '@esbuild/win32-arm64': [ '0.27.7' ],
339 silly audit   '@esbuild/win32-ia32': [ '0.27.7' ],
339 silly audit   '@esbuild/win32-x64': [ '0.27.7' ],
339 silly audit   '@rollup/rollup-android-arm-eabi': [ '4.61.1' ],
339 silly audit   '@rollup/rollup-android-arm64': [ '4.61.1' ],
339 silly audit   '@rollup/rollup-darwin-arm64': [ '4.61.1' ],
339 silly audit   '@rollup/rollup-darwin-x64': [ '4.61.1' ],
339 silly audit   '@rollup/rollup-freebsd-arm64': [ '4.61.1' ],
339 silly audit   '@rollup/rollup-freebsd-x64': [ '4.61.1' ],
339 silly audit   '@rollup/rollup-linux-arm-gnueabihf': [ '4.61.1' ],
339 silly audit   '@rollup/rollup-linux-arm-musleabihf': [ '4.61.1' ],
339 silly audit   '@rollup/rollup-linux-arm64-gnu': [ '4.61.1' ],
339 silly audit   '@rollup/rollup-linux-arm64-musl': [ '4.61.1' ],
339 silly audit   '@rollup/rollup-linux-loong64-gnu': [ '4.61.1' ],
339 silly audit   '@rollup/rollup-linux-loong64-musl': [ '4.61.1' ],
339 silly audit   '@rollup/rollup-linux-ppc64-gnu': [ '4.61.1' ],
339 silly audit   '@rollup/rollup-linux-ppc64-musl': [ '4.61.1' ],
339 silly audit   '@rollup/rollup-linux-riscv64-gnu': [ '4.61.1' ],
339 silly audit   '@rollup/rollup-linux-riscv64-musl': [ '4.61.1' ],
339 silly audit   '@rollup/rollup-linux-s390x-gnu': [ '4.61.1' ],
339 silly audit   '@rollup/rollup-linux-x64-gnu': [ '4.61.1' ],
339 silly audit   '@rollup/rollup-linux-x64-musl': [ '4.61.1' ],
339 silly audit   '@rollup/rollup-openbsd-x64': [ '4.61.1' ],
339 silly audit   '@rollup/rollup-openharmony-arm64': [ '4.61.1' ],
339 silly audit   '@rollup/rollup-win32-arm64-msvc': [ '4.61.1' ],
339 silly audit   '@rollup/rollup-win32-ia32-msvc': [ '4.61.1' ],
339 silly audit   '@rollup/rollup-win32-x64-gnu': [ '4.61.1' ],
339 silly audit   '@rollup/rollup-win32-x64-msvc': [ '4.61.1' ],
339 silly audit   '@types/estree': [ '1.0.9' ]
339 silly audit }
340 http cache @types/estree@https://registry.npmjs.org/@types/estree/-/estree-1.0.9.tgz 0ms (cache hit)
341 http cache @rollup/rollup-darwin-arm64@https://registry.npmjs.org/@rollup/rollup-darwin-arm64/-/rollup-darwin-arm64-4.61.1.tgz 0ms (cache hit)
342 http cache rollup@https://registry.npmjs.org/rollup/-/rollup-4.61.1.tgz 0ms (cache hit)
343 http cache esbuild@https://registry.npmjs.org/esbuild/-/esbuild-0.27.7.tgz 0ms (cache hit)
344 http cache vite@https://registry.npmjs.org/vite/-/vite-7.3.5.tgz 0ms (cache hit)
345 http cache @esbuild/darwin-arm64@https://registry.npmjs.org/@esbuild/darwin-arm64/-/darwin-arm64-0.27.7.tgz 0ms (cache hit)
346 http cache wmf@https://registry.npmjs.org/wmf/-/wmf-1.0.2.tgz 0ms (cache hit)
347 http cache tinyglobby@https://registry.npmjs.org/tinyglobby/-/tinyglobby-0.2.17.tgz 0ms (cache hit)
348 http cache xlsx@https://registry.npmjs.org/xlsx/-/xlsx-0.18.5.tgz 0ms (cache hit)
349 http cache ssf@https://registry.npmjs.org/ssf/-/ssf-0.11.2.tgz 0ms (cache hit)
350 http cache postcss@https://registry.npmjs.org/postcss/-/postcss-8.5.15.tgz 0ms (cache hit)
351 http cache picomatch@https://registry.npmjs.org/picomatch/-/picomatch-4.0.4.tgz 0ms (cache hit)
352 http cache source-map-js@https://registry.npmjs.org/source-map-js/-/source-map-js-1.2.1.tgz 0ms (cache hit)
353 http cache picocolors@https://registry.npmjs.org/picocolors/-/picocolors-1.1.1.tgz 0ms (cache hit)
354 http cache nanoid@https://registry.npmjs.org/nanoid/-/nanoid-3.3.12.tgz 0ms (cache hit)
355 http cache fsevents@https://registry.npmjs.org/fsevents/-/fsevents-2.3.3.tgz 0ms (cache hit)
356 http cache frac@https://registry.npmjs.org/frac/-/frac-1.1.2.tgz 0ms (cache hit)
357 http cache fdir@https://registry.npmjs.org/fdir/-/fdir-6.5.0.tgz 0ms (cache hit)
358 http cache crc-32@https://registry.npmjs.org/crc-32/-/crc-32-1.2.2.tgz 0ms (cache hit)
359 http cache codepage@https://registry.npmjs.org/codepage/-/codepage-1.15.0.tgz 0ms (cache hit)
360 http cache cfb@https://registry.npmjs.org/cfb/-/cfb-1.2.2.tgz 0ms (cache hit)
361 http cache adler-32@https://registry.npmjs.org/adler-32/-/adler-32-1.3.1.tgz 0ms (cache hit)
362 http cache word@https://registry.npmjs.org/word/-/word-0.3.0.tgz 0ms (cache hit)
363 silly tarball no local data for @types/estree@https://registry.npmjs.org/@types/estree/-/estree-1.0.9.tgz. Extracting by manifest.
364 silly tarball no local data for @rollup/rollup-darwin-arm64@https://registry.npmjs.org/@rollup/rollup-darwin-arm64/-/rollup-darwin-arm64-4.61.1.tgz. Extracting by manifest.
365 silly tarball no local data for rollup@https://registry.npmjs.org/rollup/-/rollup-4.61.1.tgz. Extracting by manifest.
366 silly tarball no local data for esbuild@https://registry.npmjs.org/esbuild/-/esbuild-0.27.7.tgz. Extracting by manifest.
367 silly tarball no local data for vite@https://registry.npmjs.org/vite/-/vite-7.3.5.tgz. Extracting by manifest.
368 silly tarball no local data for @esbuild/darwin-arm64@https://registry.npmjs.org/@esbuild/darwin-arm64/-/darwin-arm64-0.27.7.tgz. Extracting by manifest.
369 silly tarball no local data for wmf@https://registry.npmjs.org/wmf/-/wmf-1.0.2.tgz. Extracting by manifest.
370 silly tarball no local data for tinyglobby@https://registry.npmjs.org/tinyglobby/-/tinyglobby-0.2.17.tgz. Extracting by manifest.
371 silly tarball no local data for xlsx@https://registry.npmjs.org/xlsx/-/xlsx-0.18.5.tgz. Extracting by manifest.
372 silly tarball no local data for ssf@https://registry.npmjs.org/ssf/-/ssf-0.11.2.tgz. Extracting by manifest.
373 silly tarball no local data for postcss@https://registry.npmjs.org/postcss/-/postcss-8.5.15.tgz. Extracting by manifest.
374 silly tarball no local data for picomatch@https://registry.npmjs.org/picomatch/-/picomatch-4.0.4.tgz. Extracting by manifest.
375 silly tarball no local data for source-map-js@https://registry.npmjs.org/source-map-js/-/source-map-js-1.2.1.tgz. Extracting by manifest.
376 silly tarball no local data for picocolors@https://registry.npmjs.org/picocolors/-/picocolors-1.1.1.tgz. Extracting by manifest.
377 silly tarball no local data for nanoid@https://registry.npmjs.org/nanoid/-/nanoid-3.3.12.tgz. Extracting by manifest.
378 silly tarball no local data for fsevents@https://registry.npmjs.org/fsevents/-/fsevents-2.3.3.tgz. Extracting by manifest.
379 silly tarball no local data for frac@https://registry.npmjs.org/frac/-/frac-1.1.2.tgz. Extracting by manifest.
380 silly tarball no local data for fdir@https://registry.npmjs.org/fdir/-/fdir-6.5.0.tgz. Extracting by manifest.
381 silly tarball no local data for crc-32@https://registry.npmjs.org/crc-32/-/crc-32-1.2.2.tgz. Extracting by manifest.
382 silly tarball no local data for codepage@https://registry.npmjs.org/codepage/-/codepage-1.15.0.tgz. Extracting by manifest.
383 silly tarball no local data for cfb@https://registry.npmjs.org/cfb/-/cfb-1.2.2.tgz. Extracting by manifest.
384 silly tarball no local data for adler-32@https://registry.npmjs.org/adler-32/-/adler-32-1.3.1.tgz. Extracting by manifest.
385 silly tarball no local data for word@https://registry.npmjs.org/word/-/word-0.3.0.tgz. Extracting by manifest.
386 http fetch GET 200 https://registry.npmjs.org/@types/estree/-/estree-1.0.9.tgz 52ms (cache miss)
387 http fetch GET 200 https://registry.npmjs.org/esbuild/-/esbuild-0.27.7.tgz 52ms (cache miss)
388 http fetch GET 200 https://registry.npmjs.org/fsevents/-/fsevents-2.3.3.tgz 67ms (cache miss)
389 http fetch GET 200 https://registry.npmjs.org/picocolors/-/picocolors-1.1.1.tgz 92ms (cache miss)
390 http fetch GET 200 https://registry.npmjs.org/tinyglobby/-/tinyglobby-0.2.17.tgz 94ms (cache miss)
391 http fetch GET 200 https://registry.npmjs.org/frac/-/frac-1.1.2.tgz 93ms (cache miss)
392 http fetch GET 200 https://registry.npmjs.org/fdir/-/fdir-6.5.0.tgz 94ms (cache miss)
393 http fetch GET 200 https://registry.npmjs.org/ssf/-/ssf-0.11.2.tgz 96ms (cache miss)
394 http fetch GET 200 https://registry.npmjs.org/crc-32/-/crc-32-1.2.2.tgz 96ms (cache miss)
395 http fetch GET 200 https://registry.npmjs.org/nanoid/-/nanoid-3.3.12.tgz 99ms (cache miss)
396 http fetch GET 200 https://registry.npmjs.org/wmf/-/wmf-1.0.2.tgz 101ms (cache miss)
397 http fetch GET 200 https://registry.npmjs.org/picomatch/-/picomatch-4.0.4.tgz 113ms (cache miss)
398 http fetch GET 200 https://registry.npmjs.org/word/-/word-0.3.0.tgz 120ms (cache miss)
399 http fetch GET 200 https://registry.npmjs.org/adler-32/-/adler-32-1.3.1.tgz 120ms (cache miss)
400 http fetch GET 200 https://registry.npmjs.org/cfb/-/cfb-1.2.2.tgz 137ms (cache miss)
401 http fetch GET 200 https://registry.npmjs.org/vite/-/vite-7.3.5.tgz 142ms (cache miss)
402 http fetch GET 200 https://registry.npmjs.org/rollup/-/rollup-4.61.1.tgz 145ms (cache miss)
403 http fetch GET 200 https://registry.npmjs.org/postcss/-/postcss-8.5.15.tgz 156ms (cache miss)
404 http fetch POST 200 https://registry.npmjs.org/-/npm/v1/security/advisories/bulk 181ms
405 silly audit report {
405 silly audit report   xlsx: [
405 silly audit report     {
405 silly audit report       id: 1108110,
405 silly audit report       url: 'https://github.com/advisories/GHSA-4r6h-8v6p-xvw6',
405 silly audit report       title: 'Prototype Pollution in sheetJS',
405 silly audit report       severity: 'high',
405 silly audit report       vulnerable_versions: '<0.19.3',
405 silly audit report       cwe: [Array],
405 silly audit report       cvss: [Object]
405 silly audit report     },
405 silly audit report     {
405 silly audit report       id: 1108111,
405 silly audit report       url: 'https://github.com/advisories/GHSA-5pgg-2g8v-p4x9',
405 silly audit report       title: 'SheetJS Regular Expression Denial of Service (ReDoS)',
405 silly audit report       severity: 'high',
405 silly audit report       vulnerable_versions: '<0.20.2',
405 silly audit report       cwe: [Array],
405 silly audit report       cvss: [Object]
405 silly audit report     }
405 silly audit report   ]
405 silly audit report }
406 silly packumentCache corgi:https://registry.npmjs.org/xlsx cache-miss
407 http fetch GET 200 https://registry.npmjs.org/xlsx 37ms (cache miss)
408 silly packumentCache corgi:https://registry.npmjs.org/xlsx set size:undefined disposed:false
409 http fetch GET 200 https://registry.npmjs.org/@rollup/rollup-darwin-arm64/-/rollup-darwin-arm64-4.61.1.tgz 240ms (cache miss)
410 http fetch GET 200 https://registry.npmjs.org/xlsx/-/xlsx-0.18.5.tgz 267ms (cache miss)
411 http fetch GET 200 https://registry.npmjs.org/@esbuild/darwin-arm64/-/darwin-arm64-0.27.7.tgz 274ms (cache miss)
412 http fetch GET 200 https://registry.npmjs.org/codepage/-/codepage-1.15.0.tgz 272ms (cache miss)
413 http fetch GET 200 https://registry.npmjs.org/source-map-js/-/source-map-js-1.2.1.tgz 325ms (cache miss)
414 info run esbuild@0.27.7 postinstall node_modules/esbuild node install.js
415 info run esbuild@0.27.7 postinstall { code: 0, signal: null }
416 silly ADD node_modules/@types/estree
417 silly ADD node_modules/@rollup/rollup-darwin-arm64
418 silly ADD node_modules/@esbuild/darwin-arm64
419 silly ADD node_modules/rollup
420 silly ADD node_modules/esbuild
421 silly ADD node_modules/vite
422 silly ADD node_modules/xlsx
423 silly ADD node_modules/word
424 silly ADD node_modules/wmf
425 silly ADD node_modules/tinyglobby
426 silly ADD node_modules/ssf
427 silly ADD node_modules/source-map-js
428 silly ADD node_modules/postcss
429 silly ADD node_modules/picomatch
430 silly ADD node_modules/picocolors
431 silly ADD node_modules/nanoid
432 silly ADD node_modules/fsevents
433 silly ADD node_modules/frac
434 silly ADD node_modules/fdir
435 silly ADD node_modules/crc-32
436 silly ADD node_modules/codepage
437 silly ADD node_modules/cfb
438 silly ADD node_modules/adler-32
439 verbose cwd /Users/jerinreji81/Documents/GitHub/wb-backend
440 verbose os Darwin 24.6.0
441 verbose node v24.15.0
442 verbose npm  v11.12.1
443 notice
443 notice New minor version of npm available! 11.12.1 -> 11.16.0
443 notice Changelog: https://github.com/npm/cli/releases/tag/v11.16.0
443 notice To update run: npm install -g npm@11.16.0
443 notice  { force: true, Symbol(proc-log.meta): true }
444 verbose exit 0
445 info ok
